src/routes/audience/index.tsx(259,23): error TS2322: Type '(value: number, name: string, payload: any) => [string, any]' is not assignable to type 'Formatter<number, string> & ((value: number, name: string, item: Payload<number, string>, index: number, payload: Payload<number, string>[]) => ReactNode | [...])'.
  Type '(value: number, name: string, payload: any) => [string, any]' is not assignable to type 'Formatter<number, string>'.
    Types of parameters 'value' and 'value' are incompatible.
      Type 'number | undefined' is not assignable to type 'number'.
        Type 'undefined' is not assignable to type 'number'.
src/routes/campaigns/index.tsx(92,7): error TS2820: Type '"/campaigns/"' is not assignable to type '"/select-tenant" | "/login" | "/" | "." | ".." | "/forgot-password" | "/onboarding" | "/reset-password" | "/signup" | "/media-library" | "/campaigns/$campaignId" | "/campaigns/new" | ... 17 more ... | "/tenants/$tenantId/users/$userId/edit"'. Did you mean '"/campaigns"'?
src/routes/campaigns/index.tsx(94,9): error TS2353: Object literal may only specify known properties, and 'status' does not exist in type 'ParamsReducerFn<RouterCore<Route<Register, any, "/", "/", string, "__root__", undefined, {}, {}, AnyContext, AnyContext, {}, undefined, RootRouteChildren, FileRouteTypes, unknown, unknown, undefined>, "never", true, RouterHistory, Record<...>>, "SEARCH", string, "/campaigns/">'.
src/routes/campaigns/index.tsx(104,7): error TS2820: Type '"/campaigns/"' is not assignable to type '"/select-tenant" | "/login" | "/" | "." | ".." | "/forgot-password" | "/onboarding" | "/reset-password" | "/signup" | "/media-library" | "/campaigns/$campaignId" | "/campaigns/new" | ... 17 more ... | "/tenants/$tenantId/users/$userId/edit"'. Did you mean '"/campaigns"'?
src/routes/campaigns/index.tsx(106,9): error TS2353: Object literal may only specify known properties, and 'status' does not exist in type 'ParamsReducerFn<RouterCore<Route<Register, any, "/", "/", string, "__root__", undefined, {}, {}, AnyContext, AnyContext, {}, undefined, RootRouteChildren, FileRouteTypes, unknown, unknown, undefined>, "never", true, RouterHistory, Record<...>>, "SEARCH", string, "/campaigns/">'.
src/routes/dashboard/audience.tsx(205,21): error TS2322: Type '(value: number, name: string, payload: any) => [string, any]' is not assignable to type 'Formatter<number, string> & ((value: number, name: string, item: Payload<number, string>, index: number, payload: Payload<number, string>[]) => ReactNode | [...])'.
  Type '(value: number, name: string, payload: any) => [string, any]' is not assignable to type 'Formatter<number, string>'.
    Types of parameters 'value' and 'value' are incompatible.
      Type 'number | undefined' is not assignable to type 'number'.
        Type 'undefined' is not assignable to type 'number'.
src/routes/dashboard/venues/new.tsx(252,3): error TS2719: Type 'import("C:/Users/USER/Desktop/software-projects/Cloned/React JS/proximity-communications-frontend/node_modules/react-hook-form/dist/types/resolvers").Resolver<{ name: string; countryCode: string; primaryType: "hotel" | "restaurant" | "bar" | "cafe" | "mall" | "retail" | "entertainment" | "other"; status: "draft" | "...' is not assignable to type 'import("C:/Users/USER/Desktop/software-projects/Cloned/React JS/proximity-communications-frontend/node_modules/react-hook-form/dist/types/resolvers").Resolver<{ name: string; countryCode: string; primaryType: "hotel" | "restaurant" | "bar" | "cafe" | "mall" | "retail" | "entertainment" | "other"; status: "draft" | "...'. Two different types with this name exist, but they are unrelated.
  Types of parameters 'options' and 'options' are incompatible.
    Type 'import("C:/Users/USER/Desktop/software-projects/Cloned/React JS/proximity-communications-frontend/node_modules/react-hook-form/dist/types/resolvers").ResolverOptions<{ name: string; countryCode: string; primaryType: "hotel" | "restaurant" | "bar" | "cafe" | "mall" | "retail" | "entertainment" | "other"; status: "dra...' is not assignable to type 'import("C:/Users/USER/Desktop/software-projects/Cloned/React JS/proximity-communications-frontend/node_modules/react-hook-form/dist/types/resolvers").ResolverOptions<{ name: string; countryCode: string; primaryType: "hotel" | "restaurant" | "bar" | "cafe" | "mall" | "retail" | "entertainment" | "other"; status: "dra...'. Two different types with this name exist, but they are unrelated.
      Type 'unknown' is not assignable to type 'number | undefined'.
src/routes/dashboard/venues/new.tsx(331,28): error TS2345: Argument of type '(data: ManualVenueFormValues) => Promise<void>' is not assignable to parameter of type 'SubmitHandler<TFieldValues>'.
  Types of parameters 'data' and 'data' are incompatible.
    Type 'TFieldValues' is not assignable to type '{ name: string; countryCode: string; primaryType: "hotel" | "restaurant" | "bar" | "cafe" | "mall" | "retail" | "entertainment" | "other"; status: "draft" | "active" | "inactive"; ... 6 more ...; ownerEmail?: string | undefined; }'.
      Type 'FieldValues' is missing the following properties from type '{ name: string; countryCode: string; primaryType: "hotel" | "restaurant" | "bar" | "cafe" | "mall" | "retail" | "entertainment" | "other"; status: "draft" | "active" | "inactive"; ... 6 more ...; ownerEmail?: string | undefined; }': name, countryCode, primaryType, status, timezone
src/routes/dashboard/venues/new.tsx(592,47): error TS2304: Cannot find name 'VenuePrimaryType'.
